def simple_math_avx2_sched(n: size, x: R[n] @ DRAM, y: R[n] @ DRAM):
    for io in seq(0, n / 8):
        xVec: R[8] @ AVX2
        mm256_loadu_ps(xVec[0:8], x[8 * io:8 + 8 * io])
        yVec: R[8] @ AVX2
        mm256_loadu_ps(yVec[0:8], y[8 * io:8 + 8 * io])
        xy: R[8] @ AVX2
        mm256_mul_ps(xy[0:8], xVec[0:8], yVec[0:8])
        mm256_mul_ps(xVec[0:8], xy[0:8], yVec[0:8])
        mm256_storeu_ps(x[8 * io:8 + 8 * io], xVec[0:8])
    if n % 8 > 0:
        for ii in seq(0, n % 8):
            x[ii + n / 8 *
              8] = x[ii + n / 8 * 8] * y[ii + n / 8 * 8] * y[ii + n / 8 * 8]