def bar(A: i8[16, 10] @ DRAM):
    a: i8[16, 20] @ DRAM
    for i in seq(0, 10):
        for k in seq(0, 16):
            a[k, i] = A[k, i]