def foo(n: size, m: size):
    assert m > 5
    assert n > m
    x: R[n] @ DRAM
    for i in seq(m, 5):
        x[i] = 0.0
    for i in seq(0, -5 + n):
        x[5 + i] = 0.0