def bar(N: size, x: R[1 + N] @ DRAM):
    assert N >= 1
    assert N % 4 == 0
    for io in seq(0, N / 4):
        for ii in seq(0, 5):
            x[(ii + 4 * io) / 4] = 1.0