def foo(x: f32[4] @ DRAM):
    for i in seq(0, 4):
        if i == 0:
            x[i] += 1.0
        else:
            if i == 1:
                x[i] += 1.0
            else:
                if i == 2:
                    x[i] += 1.0
                else:
                    if i == 3:
                        x[i] += 1.0
                    else:
                        x[i] += 1.0