def bar(x: R[1000] @ DRAM):
    for i in seq(0, 4):
        for j in seq(0, 5):
            x[(3 + 2 * j + 8 * i) % 5] = 1.0