def foo(n: size, m: size, x: R[n, m] @ DRAM):
    assert n > 4
    assert m > 4
    for i in seq(0, n - 4):
        for j in seq(0, m - 4):
            a: R @ DRAM
            a = x[i, j] * x[i + 2, j + 1]
            x[i + 2, j + 1] = a + x[i + 1, j + 1]