def bar(n: size, A: i8[n] @ DRAM):
    tmp: i8[n] @ DRAM
    for i in seq(0, n):
        if False == True:
            tmp[i] = A[i]