def foo(x: R[12, 12] @ DRAM, y: R[12, 12] @ DRAM):
    bar(5, y[5:10, 2:7], x[3:8, 1:6])