def bar(n: size, arr: R[n] @ DRAM):
    for i in seq(0, n):
        tmp: R[n] @ DRAM
        tmp[i] = 1.0
        arr[i] = tmp[i]
    i: R @ DRAM
    i = 1.0