def foo(n: size, x: R[n] @ DRAM, i: index):
    for j in seq(0, n):
        if i < 10:
            if n > 20:
                x[j] = 1.0