def foo(n: size):
    for i in seq(7 + n, 17 + n):
        pass