def bar(n: size, m: size):
    ...
    for i in seq(0, n):
        # BLOCK START
        for j in seq(0, m):
            ...
        # BLOCK END

def bar(n: size, m: size):
    ...
    for i in seq(0, n):
        for j in seq(0, m):
            ...
            # BLOCK START
            x = 1.0
            x = 2.0
            x = 3.0
            # BLOCK END
            ...

def bar(n: size, m: size):
    ...
    for i in seq(0, n):
        for j in seq(0, m):
            # BLOCK START
            x = 0.0
            x = 1.0
            # BLOCK END
            ...

def bar(n: size, m: size):
    ...
    for i in seq(0, n):
        for j in seq(0, m):
            ...
            # BLOCK START
            x = 4.0
            x = 5.0
            # BLOCK END

def bar(n: size, m: size):
    ...
    for i in seq(0, n):
        for j in seq(0, m):
            # BLOCK START
            x = 0.0
            x = 1.0
            x = 2.0
            x = 3.0
            x = 4.0
            x = 5.0
            # BLOCK END