def foo(n: size, m: size):
    pass
    for i in seq(0, n):
        for j in seq(0, m):
            x: f32 @ DRAM
            x = 0.0
            y: f32 @ DRAM
            y = 1.1